// Jest Snapshot v1, https://goo.gl/fbAQLP

exports[`renders correctly 1`] = `
<div
  className="tile effect__click"
  onClick={[Function]}
>
  <div
    className="tile__front"
  />
  <div
    className="tile__back"
    style={
      Object {
        "backgroundImage": "url(lol.png)",
      }
    }
  />
</div>
`;
